


ARM Macro Assembler    Page 1 


    1 00000000         
    2 00000000         
    3 00000000 00000200 
                       Stack_Size
                               EQU              0x00000200  ; 1KB stack
    4 00000000         
    5 00000000                 AREA             STACK, NOINIT, READWRITE, ALIGN
=3
    6 00000000         
    7 00000000                 EXPORT           __initial_sp
    8 00000000         
    9 00000000         Stack_Mem
                               SPACE            Stack_Size
   10 00000200         __initial_sp
   11 00000200         
   12 00000200         
   13 00000200         ; <h> Heap Configuration
   14 00000200         ;   <o>  Heap Size (in Bytes) <0x0-0xFFFFFFFF:8>
   15 00000200         ; </h>
   16 00000200         
   17 00000200 00000000 
                       Heap_Size
                               EQU              0x00000000  ; 1KB heap
   18 00000200         
   19 00000200                 AREA             HEAP, NOINIT, READWRITE, ALIGN=
3
   20 00000000         __heap_base
   21 00000000         Heap_Mem
                               SPACE            Heap_Size
   22 00000000         __heap_limit
   23 00000000         
   24 00000000                 PRESERVE8
   25 00000000                 THUMB
   26 00000000         
   27 00000000         ; Vector Table Mapped to Address 0 at Reset
   28 00000000         
   29 00000000                 AREA             VECT, DATA, READONLY
   30 00000000         ;    ENTRY
   31 00000000                 IMPORT           Reset_Handler
   32 00000000                 IMPORT           TMR_ISR
   33 00000000                 IMPORT           FLASH_ISR
   34 00000000                 EXPORT           __Vectors
   35 00000000         
   36 00000000 00000000 
                       __Vectors
                               DCD              __initial_sp 
                                                            ; 0x00,Top of Stack
                                                            
   37 00000004 00000000        DCD              Reset_Handler ; 0x04,Reset Hand
                                                            ler
   38 00000008 00000000        DCD              NMI_Handler ; 0x08
   39 0000000C 00000000        DCD              HardFault_Handler ; 0x0C
   40 00000010 00000000        DCD              0           ; 0x10~0x28 reserve
                                                            d
   41 00000014 00000000        DCD              0
   42 00000018 00000000        DCD              0
   43 0000001C 00000000        DCD              0
   44 00000020 00000000        DCD              0
   45 00000024 00000000        DCD              0



ARM Macro Assembler    Page 2 


   46 00000028 00000000        DCD              0
   47 0000002C 00000000        DCD              SVCall_Handler ; 0x2C
   48 00000030 00000000        DCD              0           ; 0x30~0x34 reserve
                                                            d
   49 00000034 00000000        DCD              0
   50 00000038 00000000        DCD              PendSV_Handler ; 0x38
   51 0000003C 00000000        DCD              SysTick_Handler ; 0x3C
   52 00000040 00000000        DCD              FIQ_Handler ; 0x40  7816
   53 00000044 00000000        DCD              TMR_ISR     ; 0x44     timer
   54 00000048 00000000        DCD              FLASH_ISR   ; 0x48     flash
   55 0000004C         
   56 0000004C                 AREA             |.text|, CODE, READONLY
   57 00000000         
   58 00000000         NMI_Handler
   59 00000000 4770            BX               LR
   60 00000002         
   61 00000002         HardFault_Handler
   62 00000002 4770            BX               LR
   63 00000004         
   64 00000004         SVCall_Handler
   65 00000004 4770            BX               LR
   66 00000006         
   67 00000006         PendSV_Handler
   68 00000006 4770            BX               LR
   69 00000008         
   70 00000008         SysTick_Handler
   71 00000008 4770            BX               LR
   72 0000000A         
   73 0000000A         FIQ_Handler
   74 0000000A 4770            BX               LR
   75 0000000C         
   76 0000000C                 END
Command Line: --debug --xref --cpu=Cortex-M0 --depend=.\debug\output\sc000_vect
.d -o.\debug\output\sc000_vect.o -I.\RTE\_THC80F340A_DEMO -IC:\Keil_v5\Packs\AR
M\CMSIS\5.9.0\CMSIS\Core\Include -IC:\Keil_v5\Packs\ARM\CMSIS\5.9.0\Device\ARM\
ARMCM0\Include --predefine="__UVISION_VERSION SETA 537" --predefine="_RTE_ SETA
 1" --predefine="ARMCM0 SETA 1" --predefine="_RTE_ SETA 1" --list=.\debug\list\
sc000_vect.lst SC000_SYS\SC000_Vect.s



ARM Macro Assembler    Page 1 Alphabetic symbol ordering
Relocatable symbols

STACK 00000000

Symbol: STACK
   Definitions
      At line 5 in file SC000_SYS\SC000_Vect.s
   Uses
      None
Comment: STACK unused
Stack_Mem 00000000

Symbol: Stack_Mem
   Definitions
      At line 9 in file SC000_SYS\SC000_Vect.s
   Uses
      None
Comment: Stack_Mem unused
__initial_sp 00000200

Symbol: __initial_sp
   Definitions
      At line 10 in file SC000_SYS\SC000_Vect.s
   Uses
      At line 7 in file SC000_SYS\SC000_Vect.s
      At line 36 in file SC000_SYS\SC000_Vect.s

3 symbols



ARM Macro Assembler    Page 1 Alphabetic symbol ordering
Relocatable symbols

HEAP 00000000

Symbol: HEAP
   Definitions
      At line 19 in file SC000_SYS\SC000_Vect.s
   Uses
      None
Comment: HEAP unused
Heap_Mem 00000000

Symbol: Heap_Mem
   Definitions
      At line 21 in file SC000_SYS\SC000_Vect.s
   Uses
      None
Comment: Heap_Mem unused
__heap_base 00000000

Symbol: __heap_base
   Definitions
      At line 20 in file SC000_SYS\SC000_Vect.s
   Uses
      None
Comment: __heap_base unused
__heap_limit 00000000

Symbol: __heap_limit
   Definitions
      At line 22 in file SC000_SYS\SC000_Vect.s
   Uses
      None
Comment: __heap_limit unused
4 symbols



ARM Macro Assembler    Page 1 Alphabetic symbol ordering
Relocatable symbols

VECT 00000000

Symbol: VECT
   Definitions
      At line 29 in file SC000_SYS\SC000_Vect.s
   Uses
      None
Comment: VECT unused
__Vectors 00000000

Symbol: __Vectors
   Definitions
      At line 36 in file SC000_SYS\SC000_Vect.s
   Uses
      At line 34 in file SC000_SYS\SC000_Vect.s
Comment: __Vectors used once
2 symbols



ARM Macro Assembler    Page 1 Alphabetic symbol ordering
Relocatable symbols

.text 00000000

Symbol: .text
   Definitions
      At line 56 in file SC000_SYS\SC000_Vect.s
   Uses
      None
Comment: .text unused
FIQ_Handler 0000000A

Symbol: FIQ_Handler
   Definitions
      At line 73 in file SC000_SYS\SC000_Vect.s
   Uses
      At line 52 in file SC000_SYS\SC000_Vect.s
Comment: FIQ_Handler used once
HardFault_Handler 00000002

Symbol: HardFault_Handler
   Definitions
      At line 61 in file SC000_SYS\SC000_Vect.s
   Uses
      At line 39 in file SC000_SYS\SC000_Vect.s
Comment: HardFault_Handler used once
NMI_Handler 00000000

Symbol: NMI_Handler
   Definitions
      At line 58 in file SC000_SYS\SC000_Vect.s
   Uses
      At line 38 in file SC000_SYS\SC000_Vect.s
Comment: NMI_Handler used once
PendSV_Handler 00000006

Symbol: PendSV_Handler
   Definitions
      At line 67 in file SC000_SYS\SC000_Vect.s
   Uses
      At line 50 in file SC000_SYS\SC000_Vect.s
Comment: PendSV_Handler used once
SVCall_Handler 00000004

Symbol: SVCall_Handler
   Definitions
      At line 64 in file SC000_SYS\SC000_Vect.s
   Uses
      At line 47 in file SC000_SYS\SC000_Vect.s
Comment: SVCall_Handler used once
SysTick_Handler 00000008

Symbol: SysTick_Handler
   Definitions
      At line 70 in file SC000_SYS\SC000_Vect.s
   Uses
      At line 51 in file SC000_SYS\SC000_Vect.s
Comment: SysTick_Handler used once
7 symbols



ARM Macro Assembler    Page 1 Alphabetic symbol ordering
Absolute symbols

Heap_Size 00000000

Symbol: Heap_Size
   Definitions
      At line 17 in file SC000_SYS\SC000_Vect.s
   Uses
      At line 21 in file SC000_SYS\SC000_Vect.s
Comment: Heap_Size used once
Stack_Size 00000200

Symbol: Stack_Size
   Definitions
      At line 3 in file SC000_SYS\SC000_Vect.s
   Uses
      At line 9 in file SC000_SYS\SC000_Vect.s
Comment: Stack_Size used once
2 symbols



ARM Macro Assembler    Page 1 Alphabetic symbol ordering
External symbols

FLASH_ISR 00000000

Symbol: FLASH_ISR
   Definitions
      At line 33 in file SC000_SYS\SC000_Vect.s
   Uses
      At line 54 in file SC000_SYS\SC000_Vect.s
Comment: FLASH_ISR used once
Reset_Handler 00000000

Symbol: Reset_Handler
   Definitions
      At line 31 in file SC000_SYS\SC000_Vect.s
   Uses
      At line 37 in file SC000_SYS\SC000_Vect.s
Comment: Reset_Handler used once
TMR_ISR 00000000

Symbol: TMR_ISR
   Definitions
      At line 32 in file SC000_SYS\SC000_Vect.s
   Uses
      At line 53 in file SC000_SYS\SC000_Vect.s
Comment: TMR_ISR used once
3 symbols
354 symbols in table
