Component: Arm Compiler for Embedded 6.18 Tool: armlink [5e4cc100]

==============================================================================

Section Cross References

    sc000_vect.o(VECT) refers to sc000_vect.o(STACK) for __initial_sp
    sc000_vect.o(VECT) refers to sc000_init.o(Init) for Reset_Handler
    sc000_vect.o(VECT) refers to sc000_vect.o(.text) for NMI_Handler
    sc000_vect.o(VECT) refers to sc000_isr.o(.text) for TMR_ISR
    sc000_init.o(Init) refers (Special) to sc000_vect.o(STACK) for __initial_sp
    sc000_init.o(Init) refers to main.o(.text) for Testmain
    main.o(.text) refers to sc_api.o(.text) for HWInit
    main.o(.text) refers to iso7816_main.o(.text) for ISO7816_main
    main.o(.text) refers to main.o(.bss.ISO7816_Time) for ISO7816_Time
    main.o(.ARM.exidx) refers to main.o(.text) for [Anonymous Symbol]
    memory_api.o(.ARM.exidx) refers to memory_api.o(.text) for [Anonymous Symbol]
    sc000_isr.o(.ARM.exidx) refers to sc000_isr.o(.text) for [Anonymous Symbol]
    sc_api.o(.ARM.exidx) refers to sc_api.o(.text) for [Anonymous Symbol]
    iso7816_main.o(.text) refers to iso7816_api.o(.text) for ISO7816_AutoTxNULL
    iso7816_main.o(.text) refers to main.o(.bss.ISO7816_Time) for ISO7816_Time
    iso7816_main.o(.text) refers to iso7816_main.o(.bss..L_MergedGlobals) for [Anonymous Symbol]
    iso7816_main.o(.text) refers to iso7816_main.o(.bss.IOBuf) for IOBuf
    iso7816_main.o(.text) refers to iso7816_main.o(.rodata.SW) for SW
    iso7816_main.o(.text) refers to iso7816_main.o(.rodata.ATR) for ATR
    iso7816_main.o(.ARM.exidx) refers to iso7816_main.o(.text) for [Anonymous Symbol]
    iso7816_api.o(.text) refers to iso7816_main.o(.rodata.ValidFIDI) for ValidFIDI
    iso7816_api.o(.text) refers to iso7816_main.o(.bss..L_MergedGlobals) for CMD_Buf
    iso7816_api.o(.text) refers to memory_api.o(.text) for mem_cpy
    iso7816_api.o(.text) refers to norflash.o(.text) for Erase_Page
    iso7816_api.o(.text) refers to iso7816_main.o(.text) for SWHandler
    iso7816_api.o(.text) refers to norflash.o(.bss.FlashBuffer) for FlashBuffer
    iso7816_api.o(.text) refers to iso7816_api.o(.data.VectorTable) for VectorTable
    iso7816_api.o(.ARM.exidx) refers to iso7816_api.o(.text) for [Anonymous Symbol]
    norflash.o(.text) refers to memory_api.o(.text) for mem_cmp
    norflash.o(.text) refers to norflash.o(.bss.FlashBuffer) for FlashBuffer
    norflash.o(.ARM.exidx) refers to norflash.o(.text) for [Anonymous Symbol]


==============================================================================

Removing Unused exception sections from the image.

    Removing main.o(.ARM.exidx), (8 bytes).
    Removing memory_api.o(.ARM.exidx), (56 bytes).
    Removing sc000_isr.o(.ARM.exidx), (16 bytes).
    Removing sc_api.o(.ARM.exidx), (16 bytes).
    Removing iso7816_main.o(.ARM.exidx), (64 bytes).
    Removing iso7816_api.o(.ARM.exidx), (128 bytes).
    Removing norflash.o(.ARM.exidx), (32 bytes).

7 unused section(s) (total 320 bytes) removed from the image.

==============================================================================

Image Symbol Table

    Local Symbols

    Symbol Name                              Value     Ov Type        Size  Object(Section)

    ISO7816_API.c                            0x00000000   Number         0  iso7816_api.o ABSOLUTE
    ISO7816_Main.c                           0x00000000   Number         0  iso7816_main.o ABSOLUTE
    Main.c                                   0x00000000   Number         0  main.o ABSOLUTE
    Memory_API.c                             0x00000000   Number         0  memory_api.o ABSOLUTE
    NORFlash.c                               0x00000000   Number         0  norflash.o ABSOLUTE
    SC000_ISR.c                              0x00000000   Number         0  sc000_isr.o ABSOLUTE
    SC000_SYS\SC000_Init.s                   0x00000000   Number         0  sc000_init.o ABSOLUTE
    SC000_SYS\SC000_Vect.s                   0x00000000   Number         0  sc000_vect.o ABSOLUTE
    SC_API.c                                 0x00000000   Number         0  sc_api.o ABSOLUTE
    VECT                                     0x00000000   Section       76  sc000_vect.o(VECT)
    NMI_Handler                              0x00000201   Thumb Code     0  sc000_vect.o(.text)
    .text                                    0x00000200   Section       12  sc000_vect.o(.text)
    HardFault_Handler                        0x00000203   Thumb Code     0  sc000_vect.o(.text)
    SVCall_Handler                           0x00000205   Thumb Code     0  sc000_vect.o(.text)
    PendSV_Handler                           0x00000207   Thumb Code     0  sc000_vect.o(.text)
    SysTick_Handler                          0x00000209   Thumb Code     0  sc000_vect.o(.text)
    FIQ_Handler                              0x0000020b   Thumb Code     0  sc000_vect.o(.text)
    [Anonymous Symbol]                       0x0000020c   Section        0  main.o(.text)
    [Anonymous Symbol]                       0x00000228   Section        0  memory_api.o(.text)
    __arm_cp.4_0                             0x0000035c   Number         4  memory_api.o(.text)
    __arm_cp.6_0                             0x0000037c   Number         4  memory_api.o(.text)
    [Anonymous Symbol]                       0x00000380   Section        0  sc000_isr.o(.text)
    __arm_cp.0_0                             0x000003ac   Number         4  sc000_isr.o(.text)
    __arm_cp.0_1                             0x000003b0   Number         4  sc000_isr.o(.text)
    __arm_cp.0_2                             0x000003b4   Number         4  sc000_isr.o(.text)
    __arm_cp.1_0                             0x000003cc   Number         4  sc000_isr.o(.text)
    __arm_cp.1_1                             0x000003d0   Number         4  sc000_isr.o(.text)
    [Anonymous Symbol]                       0x000003d4   Section        0  sc_api.o(.text)
    __arm_cp.0_0                             0x000003e4   Number         4  sc_api.o(.text)
    __arm_cp.0_1                             0x000003e8   Number         4  sc_api.o(.text)
    __arm_cp.1_0                             0x0000042c   Number         4  sc_api.o(.text)
    __arm_cp.1_1                             0x00000430   Number         4  sc_api.o(.text)
    [Anonymous Symbol]                       0x00000434   Section        0  iso7816_main.o(.text)
    __arm_cp.0_0                             0x000004d8   Number         4  iso7816_main.o(.text)
    __arm_cp.0_1                             0x000004dc   Number         4  iso7816_main.o(.text)
    __arm_cp.0_2                             0x000004e0   Number         4  iso7816_main.o(.text)
    __arm_cp.0_3                             0x000004e4   Number         4  iso7816_main.o(.text)
    __arm_cp.0_4                             0x000004e8   Number         4  iso7816_main.o(.text)
    __arm_cp.0_5                             0x000004ec   Number         4  iso7816_main.o(.text)
    __arm_cp.1_0                             0x000004fc   Number         4  iso7816_main.o(.text)
    __arm_cp.2_0                             0x000006ac   Number         4  iso7816_main.o(.text)
    __arm_cp.2_1                             0x000006b0   Number         4  iso7816_main.o(.text)
    __arm_cp.2_2                             0x000006b4   Number         4  iso7816_main.o(.text)
    __arm_cp.3_0                             0x00000760   Number         4  iso7816_main.o(.text)
    __arm_cp.3_1                             0x00000764   Number         4  iso7816_main.o(.text)
    __arm_cp.4_0                             0x000007a0   Number         4  iso7816_main.o(.text)
    __arm_cp.4_1                             0x000007a4   Number         4  iso7816_main.o(.text)
    __arm_cp.5_0                             0x000007c0   Number         4  iso7816_main.o(.text)
    __arm_cp.6_0                             0x00000800   Number         4  iso7816_main.o(.text)
    __arm_cp.7_0                             0x00000820   Number         4  iso7816_main.o(.text)
    [Anonymous Symbol]                       0x00000824   Section        0  iso7816_api.o(.text)
    __arm_cp.0_0                             0x0000086c   Number         4  iso7816_api.o(.text)
    __arm_cp.0_1                             0x00000870   Number         4  iso7816_api.o(.text)
    __arm_cp.1_0                             0x00000920   Number         4  iso7816_api.o(.text)
    __arm_cp.2_0                             0x00000a90   Number         4  iso7816_api.o(.text)
    __arm_cp.3_0                             0x00000b90   Number         4  iso7816_api.o(.text)
    __arm_cp.3_1                             0x00000b94   Number         4  iso7816_api.o(.text)
    __arm_cp.4_0                             0x00000bb8   Number         4  iso7816_api.o(.text)
    __arm_cp.5_0                             0x00000cd4   Number         4  iso7816_api.o(.text)
    __arm_cp.6_0                             0x00000d08   Number         4  iso7816_api.o(.text)
    __arm_cp.7_0                             0x00000d3c   Number         4  iso7816_api.o(.text)
    __arm_cp.8_0                             0x00000d5c   Number         4  iso7816_api.o(.text)
    __arm_cp.8_1                             0x00000d60   Number         4  iso7816_api.o(.text)
    __arm_cp.8_2                             0x00000d64   Number         4  iso7816_api.o(.text)
    __arm_cp.8_3                             0x00000d68   Number         4  iso7816_api.o(.text)
    __arm_cp.9_0                             0x00000d88   Number         4  iso7816_api.o(.text)
    __arm_cp.10_0                            0x00000dd4   Number         4  iso7816_api.o(.text)
    __arm_cp.10_1                            0x00000dd8   Number         4  iso7816_api.o(.text)
    __arm_cp.10_2                            0x00000ddc   Number         4  iso7816_api.o(.text)
    __arm_cp.11_0                            0x00000ec0   Number         4  iso7816_api.o(.text)
    __arm_cp.11_1                            0x00000ec4   Number         4  iso7816_api.o(.text)
    __arm_cp.11_2                            0x00000ec8   Number         4  iso7816_api.o(.text)
    __arm_cp.11_3                            0x00000ecc   Number         4  iso7816_api.o(.text)
    __arm_cp.12_0                            0x00000ee8   Number         4  iso7816_api.o(.text)
    __arm_cp.13_0                            0x00000f54   Number         4  iso7816_api.o(.text)
    __arm_cp.14_0                            0x00001078   Number         4  iso7816_api.o(.text)
    __arm_cp.15_0                            0x0000109c   Number         4  iso7816_api.o(.text)
    __arm_cp.15_1                            0x000010a0   Number         4  iso7816_api.o(.text)
    __arm_cp.15_2                            0x000010a4   Number         4  iso7816_api.o(.text)
    [Anonymous Symbol]                       0x000010a8   Section        0  norflash.o(.text)
    __arm_cp.0_0                             0x000010f8   Number         4  norflash.o(.text)
    __arm_cp.1_0                             0x00001160   Number         4  norflash.o(.text)
    __arm_cp.2_0                             0x000011c0   Number         4  norflash.o(.text)
    __arm_cp.3_0                             0x00001354   Number         4  norflash.o(.text)
    __arm_cp.3_1                             0x00001358   Number         4  norflash.o(.text)
    Init                                     0x0000135c   Section      144  sc000_init.o(Init)
    [Anonymous Symbol]                       0x20000078   Section        0  iso7816_main.o(.bss..L_MergedGlobals)
    HEAP                                     0x20000390   Section        0  sc000_vect.o(HEAP)
    STACK                                    0x20000390   Section      512  sc000_vect.o(STACK)

    Global Symbols

    Symbol Name                              Value     Ov Type        Size  Object(Section)

    BuildAttributes$$THM_ISAv3M$S$PE$A:L22$X:L11$S22$IEEE1$IW$~IW$USESV6$~STKCKD$USESV7$~SHL$OTIME$EBA8$STANDARDLIB$REQ8$PRES8$EABIv2 0x00000000   Number         0  anon$$obj.o ABSOLUTE
    __Vectors                                0x00000000   Data           4  sc000_vect.o(VECT)
    Testmain                                 0x0000020d   Thumb Code    28  main.o(.text)
    TransitBigLittle                         0x00000229   Thumb Code    18  memory_api.o(.text)
    ExtractBEHalfword                        0x0000023b   Thumb Code    12  memory_api.o(.text)
    mem_cpy                                  0x00000247   Thumb Code    86  memory_api.o(.text)
    mem_cmp                                  0x0000029d   Thumb Code   114  memory_api.o(.text)
    mem_cpy_autoadapt                        0x00000311   Thumb Code    76  memory_api.o(.text)
    IsFlash                                  0x00000361   Thumb Code    14  memory_api.o(.text)
    IsOTP                                    0x00000371   Thumb Code    12  memory_api.o(.text)
    TMR_ISR                                  0x00000381   Thumb Code    44  sc000_isr.o(.text)
    FLASH_ISR                                0x000003b9   Thumb Code    20  sc000_isr.o(.text)
    HWInit                                   0x000003d5   Thumb Code    16  sc_api.o(.text)
    sleep_mode                               0x000003ed   Thumb Code    64  sc_api.o(.text)
    ISO7816_main                             0x00000435   Thumb Code   164  iso7816_main.o(.text)
    SendATR                                  0x000004f1   Thumb Code    12  iso7816_main.o(.text)
    RcvAPDU                                  0x00000501   Thumb Code   428  iso7816_main.o(.text)
    CMD_Handle                               0x000006b9   Thumb Code   168  iso7816_main.o(.text)
    response                                 0x00000769   Thumb Code    56  iso7816_main.o(.text)
    TxStatus                                 0x000007a9   Thumb Code    24  iso7816_main.o(.text)
    ETU_Delay                                0x000007c5   Thumb Code    60  iso7816_main.o(.text)
    SWHandler                                0x00000805   Thumb Code    28  iso7816_main.o(.text)
    ISO7816_ConfigFIDI                       0x00000825   Thumb Code    72  iso7816_api.o(.text)
    ISO7816_PPS_ACK                          0x00000875   Thumb Code   172  iso7816_api.o(.text)
    ISO7816_TxNByte                          0x00000925   Thumb Code   364  iso7816_api.o(.text)
    ISO7816_PPS                              0x00000a95   Thumb Code   252  iso7816_api.o(.text)
    ISO7816_RxByte                           0x00000b99   Thumb Code    32  iso7816_api.o(.text)
    ISO7816_RxNByte                          0x00000bbd   Thumb Code   280  iso7816_api.o(.text)
    ISO7816_TxByte                           0x00000cd9   Thumb Code    48  iso7816_api.o(.text)
    ISO7816_AutoTxNULL                       0x00000d0d   Thumb Code    48  iso7816_api.o(.text)
    SetBase                                  0x00000d41   Thumb Code    28  iso7816_api.o(.text)
    ReadFlash                                0x00000d6d   Thumb Code    28  iso7816_api.o(.text)
    EraseFlash                               0x00000d8d   Thumb Code    72  iso7816_api.o(.text)
    UpdateMemory                             0x00000de1   Thumb Code   224  iso7816_api.o(.text)
    WriteFlash                               0x00000ed1   Thumb Code    24  iso7816_api.o(.text)
    calCRC                                   0x00000eed   Thumb Code   104  iso7816_api.o(.text)
    RandomNumGen                             0x00000f59   Thumb Code   288  iso7816_api.o(.text)
    ReturnToBL                               0x0000107d   Thumb Code    32  iso7816_api.o(.text)
    Erase_Page                               0x000010a9   Thumb Code    80  norflash.o(.text)
    Write_Bytes                              0x000010fd   Thumb Code   100  norflash.o(.text)
    Write_ROW_Bytes                          0x00001165   Thumb Code    92  norflash.o(.text)
    Write_page                               0x000011c5   Thumb Code   400  norflash.o(.text)
    Reset_Handler                            0x0000135d   Thumb Code     0  sc000_init.o(Init)
    ATR                                      0x000013ec   Data          11  iso7816_main.o(.rodata.ATR)
    SW                                       0x000013f7   Data          14  iso7816_main.o(.rodata.SW)
    ValidFIDI                                0x00001405   Data          12  iso7816_main.o(.rodata.ValidFIDI)
    ZISection$$Table$$Limit                  0x00001428   Number         0  anon$$obj.o(ZISection$$Table)
    VectorTable                              0x20000000   Data         120  iso7816_api.o(.data.VectorTable)
    Image$$RAM$$ZI$$Base                     0x20000078   Number         0  anon$$obj.o ABSOLUTE
    PPSFlag                                  0x20000078   Data           1  iso7816_main.o(.bss..L_MergedGlobals)
    Foffset                                  0x2000007a   Data           2  iso7816_main.o(.bss..L_MergedGlobals)
    SWptr                                    0x2000007c   Data           2  iso7816_main.o(.bss..L_MergedGlobals)
    FlashBaseAddr                            0x20000080   Data           4  iso7816_main.o(.bss..L_MergedGlobals)
    CMD_Buf                                  0x20000084   Data           5  iso7816_main.o(.bss..L_MergedGlobals)
    FlashBuffer                              0x20000089   Data         512  norflash.o(.bss.FlashBuffer)
    IOBuf                                    0x2000028a   Data         256  iso7816_main.o(.bss.IOBuf)
    ISO7816_Time                             0x2000038a   Data           1  main.o(.bss.ISO7816_Time)
    Image$$RAM$$ZI$$Limit                    0x20000590   Number         0  anon$$obj.o ABSOLUTE
    __initial_sp                             0x20000590   Data           0  sc000_vect.o(STACK)



==============================================================================

Memory Map of the image

  Image entry point : Not specified.

  Load Region FLASH_LOAD_0 (Base: 0x00000000, Size: 0x0000004c, Max: 0x00000200, ABSOLUTE)

    Execution Region FLASH_EXEC_0 (Exec base: 0x00000000, Load base: 0x00000000, Size: 0x0000004c, Max: 0x00000200, ABSOLUTE)

    Exec Addr    Load Addr    Size         Type   Attr      Idx    E Section Name        Object

    0x00000000   0x00000000   0x0000004c   Data   RO            3    VECT                sc000_vect.o



  Load Region FLASH_LOAD_1 (Base: 0x00000200, Size: 0x000012a0, Max: 0x00055000, ABSOLUTE)

    Execution Region FLASH_EXEC_1 (Exec base: 0x00000200, Load base: 0x00000200, Size: 0x00001228, Max: 0x00055000, ABSOLUTE)

    Exec Addr    Load Addr    Size         Type   Attr      Idx    E Section Name        Object

    0x00000200   0x00000200   0x0000000c   Code   RO            4    .text               sc000_vect.o
    0x0000020c   0x0000020c   0x0000001c   Code   RO           12    .text               main.o
    0x00000228   0x00000228   0x00000158   Code   RO           20    .text               memory_api.o
    0x00000380   0x00000380   0x00000054   Code   RO           28    .text               sc000_isr.o
    0x000003d4   0x000003d4   0x00000060   Code   RO           35    .text               sc_api.o
    0x00000434   0x00000434   0x000003f0   Code   RO           43    .text               iso7816_main.o
    0x00000824   0x00000824   0x00000884   Code   RO           56    .text               iso7816_api.o
    0x000010a8   0x000010a8   0x000002b4   Code   RO           66    .text               norflash.o
    0x0000135c   0x0000135c   0x00000090   Code   RO            9    Init                sc000_init.o
    0x000013ec   0x000013ec   0x0000000b   Data   RO           46    .rodata.ATR         iso7816_main.o
    0x000013f7   0x000013f7   0x0000000e   Data   RO           47    .rodata.SW          iso7816_main.o
    0x00001405   0x00001405   0x0000000c   Data   RO           45    .rodata.ValidFIDI   iso7816_main.o
    0x00001411   0x00001411   0x00000003   PAD
    0x00001414   0x00001414   0x0000000c   Data   RO           77    Region$$Table       anon$$obj.o
    0x00001420   0x00001420   0x00000008   Data   RO           78    ZISection$$Table    anon$$obj.o


    Execution Region RAM (Exec base: 0x20000000, Load base: 0x00001428, Size: 0x00000590, Max: 0x00002a00, ABSOLUTE)

    Exec Addr    Load Addr    Size         Type   Attr      Idx    E Section Name        Object

    0x20000000   0x00001428   0x00000078   Data   RW           58    .data.VectorTable   iso7816_api.o
    0x20000078        -       0x00000011   Zero   RW           49    .bss..L_MergedGlobals  iso7816_main.o
    0x20000089        -       0x00000200   Zero   RW           68    .bss.FlashBuffer    norflash.o
    0x20000289   0x000014a0   0x00000001   PAD
    0x2000028a        -       0x00000100   Zero   RW           48    .bss.IOBuf          iso7816_main.o
    0x2000038a        -       0x00000001   Zero   RW           14    .bss.ISO7816_Time   main.o
    0x2000038b   0x000014a0   0x00000005   PAD
    0x20000390        -       0x00000000   Zero   RW            2    HEAP                sc000_vect.o
    0x20000390        -       0x00000200   Zero   RW            1    STACK               sc000_vect.o


==============================================================================

Image component sizes


      Code (inc. data)   RO Data    RW Data    ZI Data      Debug   Object Name

      2180        112          0        120          0       7979   iso7816_api.o
      1008        124         37          0        273       3105   iso7816_main.o
        28          0          0          0          1        503   main.o
       344          8          0          0          0       2491   memory_api.o
       692         20          0          0        512       2685   norflash.o
       144         40          0          0          0        288   sc000_init.o
        84         20          0          0          0        550   sc000_isr.o
        12          0         76          0        512        276   sc000_vect.o
        96         16          0          0          0        732   sc_api.o

    ----------------------------------------------------------------------
      4588        340        136        120       1304      18609   Object Totals
         0          0         20          0          0          0   (incl. Generated)
         0          0          3          0          6          0   (incl. Padding)

    ----------------------------------------------------------------------
         0          0          0          0          0          0   Library Totals
         0          0          0          0          0          0   (incl. Padding)

    ----------------------------------------------------------------------

==============================================================================


      Code (inc. data)   RO Data    RW Data    ZI Data      Debug   

      4588        340        136        120       1304      18489   Grand Totals
      4588        340        136        120       1304      18489   ELF Image Totals
      4588        340        136        120          0          0   ROM Totals

==============================================================================

    Total RO  Size (Code + RO Data)                 4724 (   4.61kB)
    Total RW  Size (RW Data + ZI Data)              1424 (   1.39kB)
    Total ROM Size (Code + RO Data + RW Data)       4844 (   4.73kB)

==============================================================================

