<html>
<body>
<pre>
<h1>µVision Build Log</h1>
<h2>Project:</h2>
D:\SSD\SSD_CARD\SC_Product\THC80F340A\SOFTWARE\DEMO\THC80F340A_Demo_V100\THC80F340A_SC000_DEMO.uvproj
Project File Date:  06/26/2019

<h2>Output:</h2>
Rebuild target 'THC80F340A_DEMO'
assembling SC000_Vect.s...
assembling SC000_Init.s...
compiling Main.c...
compiling Memory_API.c...
compiling SC000_ISR.c...
compiling SC_API.c...
compiling ISO7816_Main.c...
compiling ISO7816_API.c...
compiling NORFlash.c...
linking...
.\Debug\Output\THC80F340A_SC000_DEMO.axf: Warning: L6305W: Image does not have an entry point. (Not specified or not set due to multiple choices.)
Program Size: Code=2330 RO-data=134 RW-data=144 ZI-data=1280  
FromELF: creating hex file...
".\Debug\Output\THC80F340A_SC000_DEMO.axf" - 0 Error(s), 1 Warning(s).
